// Jest Snapshot v1, https://goo.gl/fbAQLP

exports[`AddReview renders correctly 1`] = `
<section
  className="movie-card movie-card--full"
>
  <div
    className="movie-card__header"
  >
    <div
      className="movie-card__bg"
    >
      <img
        alt="The Grand Budapest Hotel"
        src="https://assets.htmlacademy.ru/intensives/javascript-3/film/background/Pulp_Fiction.jpg"
      />
    </div>
    <h1
      className="visually-hidden"
    >
      WTW
    </h1>
    <Memo(Connect(Header))>
      <nav
        className="breadcrumbs"
      >
        <ul
          className="breadcrumbs__list"
        >
          <li
            className="breadcrumbs__item"
          >
            <Link
              className="breadcrumbs__link"
              to="/films/2"
            >
              Pulp Fiction
            </Link>
          </li>
          <li
            className="breadcrumbs__item"
          >
            <a
              className="breadcrumbs__link"
            >
              Add review
            </a>
          </li>
        </ul>
      </nav>
    </Memo(Connect(Header))>
    <div
      className="movie-card__poster movie-card__poster--small"
    >
      <img
        alt="Pulp Fiction"
        height="327"
        src="https://assets.htmlacademy.ru/intensives/javascript-3/film/poster/Pulp_Fiction.jpg"
        width="218"
      />
    </div>
  </div>
  <Memo(Connect(AddReview))
    id="2"
  />
</section>
`;
