// Jest Snapshot v1, https://goo.gl/fbAQLP

exports[`Main renders correctly 1`] = `
<React.Fragment>
  <section
    className="movie-card"
  >
    <div
      className="movie-card__bg"
    >
      <img
        alt="Pulp Fiction"
        src="https://assets.htmlacademy.ru/intensives/javascript-3/film/background/Pulp_Fiction.jpg"
      />
    </div>
    <h1
      className="visually-hidden"
    >
      WTW
    </h1>
    <Memo(Connect(Header))
      className="movie-card__head"
    />
    <div
      className="movie-card__wrap"
    >
      <div
        className="movie-card__info"
      >
        <div
          className="movie-card__poster"
        >
          <img
            alt="The Grand Budapest Hotel poster"
            height="327"
            src="https://assets.htmlacademy.ru/intensives/javascript-3/film/poster/Pulp_Fiction.jpg"
            width="218"
          />
        </div>
        <div
          className="movie-card__desc"
        >
          <h2
            className="movie-card__title"
          >
            Pulp Fiction
          </h2>
          <p
            className="movie-card__meta"
          >
            <span
              className="movie-card__genre"
            >
              Crime
            </span>
            <span
              className="movie-card__year"
            >
              1994
            </span>
          </p>
          <div
            className="movie-card__buttons"
          >
            <button
              className="btn btn--play movie-card__button"
              onClick={[Function]}
              type="button"
            >
              <svg
                height="19"
                viewBox="0 0 19 19"
                width="19"
              >
                <use
                  xlinkHref="#play-s"
                />
              </svg>
              <span>
                Play
              </span>
            </button>
            <Memo(Connect(FavoriteButton))
              id={2}
              isFavorite={false}
            />
          </div>
        </div>
      </div>
    </div>
  </section>
  <div
    className="page-content"
  >
    <section
      className="catalog"
    >
      <h2
        className="catalog__title visually-hidden"
      >
        Catalog
      </h2>
      <ul
        className="catalog__genres-list"
      >
        <Memo(Connect(GenresList))
          filmGenres={
            Array [
              "Comedy",
              "Drama",
              "Thriller",
            ]
          }
        />
      </ul>
      <div
        className="catalog__movies-list"
      >
        <FilmsList
          filmsList={
            Array [
              Object {
                "background": "https://assets.htmlacademy.ru/intensives/javascript-3/film/background/bronson.jpg",
                "backgroundColor": "#73B39A",
                "description": "A young man who was sentenced to seven years in prison for robbing a post office ends up spending three decades in solitary confinement. During this time, his own personality is supplanted by his alter-ego, Charles Bronson.",
                "director": "Nicolas Winding Refn",
                "frame": "https://assets.htmlacademy.ru/intensives/javascript-3/film/preview/bronson.jpg",
                "genre": "Action",
                "id": 1,
                "isFavorite": false,
                "poster": "https://assets.htmlacademy.ru/intensives/javascript-3/film/poster/bronson.jpg",
                "previewVideoLink": "https://upload.wikimedia.org/wikipedia/commons/transcoded/b/b3/Big_Buck_Bunny_Trailer_400p.ogv/Big_Buck_Bunny_Trailer_400p.ogv.360p.webm",
                "rating": 3.6,
                "ratingText": "Normal",
                "ratings": "109661",
                "runtime": 92,
                "starring": Array [
                  "Tom Hardy",
                  "Kelly Adams",
                  "Luing Andrews",
                ],
                "title": "Bronson",
                "video": "http://media.xiph.org/mango/tears_of_steel_1080p.webm",
                "year": "2008",
              },
              Object {
                "background": "https://assets.htmlacademy.ru/intensives/javascript-3/film/background/Pulp_Fiction.jpg",
                "backgroundColor": "#795433",
                "description": "The lives of two mob hitmen, a boxer, a gangster & his wife, and a pair of diner bandits intertwine in four tales of violence and redemption.",
                "director": "Quentin Tarantino",
                "frame": "https://assets.htmlacademy.ru/intensives/javascript-3/film/preview/pulp-fiction.jpg",
                "genre": "Crime",
                "id": 2,
                "isFavorite": false,
                "poster": "https://assets.htmlacademy.ru/intensives/javascript-3/film/poster/Pulp_Fiction.jpg",
                "previewVideoLink": "https://upload.wikimedia.org/wikipedia/commons/transcoded/b/b3/Big_Buck_Bunny_Trailer_400p.ogv/Big_Buck_Bunny_Trailer_400p.ogv.360p.webm",
                "rating": 1.5,
                "ratingText": "Bad",
                "ratings": "1635992",
                "runtime": 153,
                "starring": Array [
                  "John Travolta",
                  "Uma Thurman",
                  "Samuel L. Jackson",
                ],
                "title": "Pulp Fiction",
                "video": "http://peach.themazzone.com/durian/movies/sintel-1024-surround.mp4",
                "year": "1994",
              },
              Object {
                "background": "https://assets.htmlacademy.ru/intensives/javascript-3/film/background/matrix.jpg",
                "backgroundColor": "#B9B27E",
                "description": "A computer hacker learns from mysterious rebels about the true nature of his reality and his role in the war against its controllers.",
                "director": "Wachowski Brothers",
                "frame": "https://assets.htmlacademy.ru/intensives/javascript-3/film/preview/matrix.jpg",
                "genre": "Action",
                "id": 4,
                "isFavorite": false,
                "poster": "https://assets.htmlacademy.ru/intensives/javascript-3/film/poster/matrix.jpg",
                "previewVideoLink": "https://upload.wikimedia.org/wikipedia/commons/transcoded/b/b3/Big_Buck_Bunny_Trailer_400p.ogv/Big_Buck_Bunny_Trailer_400p.ogv.360p.webm",
                "rating": 4.4,
                "ratingText": "Normal",
                "ratings": "1503092",
                "runtime": 136,
                "starring": Array [
                  "Keanu Reeves",
                  "Laurence Fishburne",
                  "Carrie-Anne Moss",
                ],
                "title": "Matrix",
                "video": "http://media.xiph.org/mango/tears_of_steel_1080p.webm",
                "year": "1999",
              },
            ]
          }
        />
      </div>
      <MoreFilmsButton
        isVisible={false}
        onClick={[Function]}
      />
    </section>
    <Footer />
  </div>
</React.Fragment>
`;
