// Jest Snapshot v1, https://goo.gl/fbAQLP

exports[`ReviewsTab renders correctly When film has no reviews 1`] = `
<div
  className="movie-card__reviews movie-card__row"
>
  <div
    className="movie-card__reviews-col"
  />
  <div
    className="movie-card__reviews-col"
  />
</div>
`;

exports[`ReviewsTab renders correctly When film has reviews 1`] = `
<div
  className="movie-card__reviews movie-card__row"
>
  <div
    className="movie-card__reviews-col"
  >
    <div
      className="review"
    >
      <blockquote
        className="review__quote"
      >
        <p
          className="review__text"
        >
          I love this movie. This film is a milestone in cinematography. Great Immersive camera-work. This film is an experience and i has already seen it 4 times and I only see more quality of the film.
        </p>
        <footer
          className="review__details"
        >
          <cite
            className="review__author"
          >
            Christina
          </cite>
          <time
            className="review__date"
            dateTime="2020-October-09"
          >
            October 09, 2020
          </time>
        </footer>
      </blockquote>
      <div
        className="review__rating"
      >
        3,3
      </div>
    </div>
    <div
      className="review"
    >
      <blockquote
        className="review__quote"
      >
        <p
          className="review__text"
        >
          This movie is just plain bad. There must be some big payola going round this awards season. Badly written, average acting at best, all the characters are unrelatable and inlikeable. 2 hours of my life wasted.
        </p>
        <footer
          className="review__details"
        >
          <cite
            className="review__author"
          >
            Sophie
          </cite>
          <time
            className="review__date"
            dateTime="2020-November-04"
          >
            November 04, 2020
          </time>
        </footer>
      </blockquote>
      <div
        className="review__rating"
      >
        9
      </div>
    </div>
    <div
      className="review"
    >
      <blockquote
        className="review__quote"
      >
        <p
          className="review__text"
        >
          Unfortunately we don't have a reliable way to tell the true ratings of a movie.
        </p>
        <footer
          className="review__details"
        >
          <cite
            className="review__author"
          >
            Jack
          </cite>
          <time
            className="review__date"
            dateTime="2020-October-09"
          >
            October 09, 2020
          </time>
        </footer>
      </blockquote>
      <div
        className="review__rating"
      >
        9
      </div>
    </div>
  </div>
  <div
    className="movie-card__reviews-col"
  />
</div>
`;
