// Jest Snapshot v1, https://goo.gl/fbAQLP

exports[`VideoPlayer renders correctly 1`] = `
<video
  poster="/poster.jpeg"
  src="/video.mp4"
/>
`;
