// Jest Snapshot v1, https://goo.gl/fbAQLP

exports[`FilmsList renders correctly 1`] = `
<React.Fragment>
  <SmallMovieCardState
    film={
      Object {
        "background": "https://assets.htmlacademy.ru/intensives/javascript-3/film/background/bronson.jpg",
        "backgroundColor": "#73B39A",
        "description": "A young man who was sentenced to seven years in prison for robbing a post office ends up spending three decades in solitary confinement. During this time, his own personality is supplanted by his alter-ego, Charles Bronson.",
        "director": "Nicolas Winding Refn",
        "frame": "https://assets.htmlacademy.ru/intensives/javascript-3/film/preview/bronson.jpg",
        "genre": "Action",
        "id": 1,
        "isFavorite": false,
        "poster": "https://assets.htmlacademy.ru/intensives/javascript-3/film/poster/bronson.jpg",
        "previewVideoLink": "https://upload.wikimedia.org/wikipedia/commons/transcoded/b/b3/Big_Buck_Bunny_Trailer_400p.ogv/Big_Buck_Bunny_Trailer_400p.ogv.360p.webm",
        "rating": 3.6,
        "ratingText": "Normal",
        "ratings": "109661",
        "runtime": 92,
        "starring": Array [
          "Tom Hardy",
          "Kelly Adams",
          "Luing Andrews",
        ],
        "title": "Bronson",
        "video": "http://media.xiph.org/mango/tears_of_steel_1080p.webm",
        "year": "2008",
      }
    }
  />
  <SmallMovieCardState
    film={
      Object {
        "background": "https://assets.htmlacademy.ru/intensives/javascript-3/film/background/Pulp_Fiction.jpg",
        "backgroundColor": "#795433",
        "description": "The lives of two mob hitmen, a boxer, a gangster & his wife, and a pair of diner bandits intertwine in four tales of violence and redemption.",
        "director": "Quentin Tarantino",
        "frame": "https://assets.htmlacademy.ru/intensives/javascript-3/film/preview/pulp-fiction.jpg",
        "genre": "Crime",
        "id": 2,
        "isFavorite": false,
        "poster": "https://assets.htmlacademy.ru/intensives/javascript-3/film/poster/Pulp_Fiction.jpg",
        "previewVideoLink": "https://upload.wikimedia.org/wikipedia/commons/transcoded/b/b3/Big_Buck_Bunny_Trailer_400p.ogv/Big_Buck_Bunny_Trailer_400p.ogv.360p.webm",
        "rating": 1.5,
        "ratingText": "Bad",
        "ratings": "1635992",
        "runtime": 153,
        "starring": Array [
          "John Travolta",
          "Uma Thurman",
          "Samuel L. Jackson",
        ],
        "title": "Pulp Fiction",
        "video": "http://peach.themazzone.com/durian/movies/sintel-1024-surround.mp4",
        "year": "1994",
      }
    }
  />
  <SmallMovieCardState
    film={
      Object {
        "background": "https://assets.htmlacademy.ru/intensives/javascript-3/film/background/matrix.jpg",
        "backgroundColor": "#B9B27E",
        "description": "A computer hacker learns from mysterious rebels about the true nature of his reality and his role in the war against its controllers.",
        "director": "Wachowski Brothers",
        "frame": "https://assets.htmlacademy.ru/intensives/javascript-3/film/preview/matrix.jpg",
        "genre": "Action",
        "id": 4,
        "isFavorite": false,
        "poster": "https://assets.htmlacademy.ru/intensives/javascript-3/film/poster/matrix.jpg",
        "previewVideoLink": "https://upload.wikimedia.org/wikipedia/commons/transcoded/b/b3/Big_Buck_Bunny_Trailer_400p.ogv/Big_Buck_Bunny_Trailer_400p.ogv.360p.webm",
        "rating": 4.4,
        "ratingText": "Normal",
        "ratings": "1503092",
        "runtime": 136,
        "starring": Array [
          "Keanu Reeves",
          "Laurence Fishburne",
          "Carrie-Anne Moss",
        ],
        "title": "Matrix",
        "video": "http://media.xiph.org/mango/tears_of_steel_1080p.webm",
        "year": "1999",
      }
    }
  />
</React.Fragment>
`;
